---
source: crates/pipdock-cli/tests/golden.rs
expression: out
---
{
  "$schema": "https://json-schema.org/draft/2020-12/schema",
  "description": "Every code PipDock can surface at v1 launch.\n\n`docs/TESTING.md` §2 requires at least one captured stderr fixture per variant before ship;\nthe test that enforces \"no code without fixture\" lives beside the classifiers.",
  "oneOf": [
    {
      "const": "EnvInterpreterMissing",
      "description": "Interpreter path missing or not executable — the env was deleted or moved.",
      "type": "string"
    },
    {
      "const": "EnvExternallyManaged",
      "description": "PEP 668 `EXTERNALLY-MANAGED` marker present; mutation blocked by default.",
      "type": "string"
    },
    {
      "const": "EnvProbeFailed",
      "description": "`probe.py` exited non-zero or produced unparseable output.",
      "type": "string"
    },
    {
      "const": "EngNotFound",
      "description": "pip or uv binary not found.",
      "type": "string"
    },
    {
      "const": "EngPipTooOld",
      "description": "pip older than 22.2, which predates `--dry-run --report`.",
      "type": "string"
    },
    {
      "const": "EngUvShapeUnknown",
      "description": "uv emitted a shape the adapter does not recognize (uv newer than PipDock).",
      "type": "string"
    },
    {
      "const": "EngUnclassified",
      "description": "Fallback for engine failures no classifier matched. Always last.",
      "type": "string"
    },
    {
      "const": "ResImpossible",
      "description": "`ResolutionImpossible` or the uv equivalent: constraints cannot be satisfied.",
      "type": "string"
    },
    {
      "const": "ResPlanStale",
      "description": "Plan older than 10 minutes, or the env's probe hash changed since the preview.",
      "type": "string"
    },
    {
      "const": "BldMsvcMissing",
      "description": "MSVC build tools required but absent.",
      "type": "string"
    },
    {
      "const": "BldBackendFailed",
      "description": "Build backend failed (`pyproject.toml` error, `metadata-generation-failed`).",
      "type": "string"
    },
    {
      "const": "BldWheelFailed",
      "description": "Generic sdist wheel-build failure.",
      "type": "string"
    },
    {
      "const": "PkgRequiresPython",
      "description": "No matching distribution, and metadata shows a requires-python mismatch.",
      "type": "string"
    },
    {
      "const": "PkgNotFound",
      "description": "No matching distribution: name or version typo, or the release is gone.",
      "type": "string"
    },
    {
      "const": "PkgYanked",
      "description": "The requested release was yanked.",
      "type": "string"
    },
    {
      "const": "PkgHashMismatch",
      "description": "Downloaded artifact failed hash verification.",
      "type": "string"
    },
    {
      "const": "NetUnreachable",
      "description": "Timeout, connection aborted, or DNS failure.",
      "type": "string"
    },
    {
      "const": "NetTlsFailure",
      "description": "TLS/SSL verification failed — typically proxy or AV interception.",
      "type": "string"
    },
    {
      "const": "NetIndexRefreshFailed",
      "description": "PEP 691 index refresh failed; the stale index stays searchable.",
      "type": "string"
    },
    {
      "const": "NetToolsBootstrapFailed",
      "description": "Code Health tools-venv bootstrap could not reach PyPI.",
      "type": "string"
    },
    {
      "const": "PrmSitePackagesReadOnly",
      "description": "`PermissionError` writing site-packages (admin-owned Python).",
      "type": "string"
    },
    {
      "const": "PrmFileLocked",
      "description": "File locked by a running process (`WinError 32`).",
      "type": "string"
    },
    {
      "const": "SnpWriteFailed",
      "description": "Snapshot write failed before execution. **The plan is aborted; nothing runs.**",
      "type": "string"
    },
    {
      "const": "SnpTargetUnavailable",
      "description": "A release needed to restore a snapshot is no longer available on PyPI.",
      "type": "string"
    },
    {
      "const": "SysPathTooLong",
      "description": "`MAX_PATH` exceeded without the long-path opt-in.",
      "type": "string"
    },
    {
      "const": "SysDiskFull",
      "description": "Disk full.",
      "type": "string"
    },
    {
      "const": "HltToolMissing",
      "description": "A Code Health tool is missing from the tools venv.",
      "type": "string"
    },
    {
      "const": "HltToolFailed",
      "description": "A Code Health tool exited non-zero.",
      "type": "string"
    },
    {
      "const": "HltTimeout",
      "description": "A Code Health tool exceeded its watchdog timeout; partial report shown.",
      "type": "string"
    },
    {
      "const": "IntUnexpected",
      "description": "A PipDock bug: panic or unexpected state.",
      "type": "string"
    }
  ],
  "title": "Code"
}
