---
source: crates/pipdock-cli/tests/golden.rs
expression: "stderr_of(&[\"schema\", \"NoSuchType\"])"
---
error[PD-PKG-002]: unknown type "NoSuchType"; known types: Dist, OutdatedDist, PyEnv, CheckReport, StepResult, PlanRequest, ResolutionReport, ExecutionSummary, Pin, GuardReport, Diff, SnapshotMeta, Hit, PackageMeta, Code
