---
source: crates/pipdock-cli/tests/golden.rs
expression: out
---
{
  "$defs": {
    "Blocker": {
      "description": "The package responsible for holding another one back.\n\nARCHITECTURE §3: the engine's report says *what* was held back; *who* is responsible comes from\ncross-referencing the reverse-dependency graph with each blocker's `Requires-Dist` constraint.\n**If attribution is ambiguous, show the constraint without a culprit rather than guessing.**",
      "properties": {
        "by": {
          "anyOf": [
            {
              "$ref": "#/$defs/PkgName"
            },
            {
              "type": "null"
            }
          ],
          "description": "The package imposing the constraint, absent when attribution is ambiguous."
        },
        "constraint": {
          "description": "The requirement holding the package back, e.g. `\"requests<2.31\"`.\n\n**Data, not a sentence** — hard invariant 4. Until Slice 0 this carried\n`\"scipy 1.11.4 requires numpy <1.28.0,>=1.21.6\"`, a phrase assembled in Rust, which the\nGUI then wrapped in `\"{{by}} requires {{constraint}}\"` and rendered naming the dependent\n**twice**. Only the CLI looked right, because it prints this field alone. The shape here\nnow matches `BrokenDependent.constraint`, which the guard dialog has always composed\ncorrectly.",
          "type": "string"
        },
        "version": {
          "description": "The installed version of [`Self::by`], when the probe knew it.\n\nSplit out for the same reason [`crate::graph::BrokenDependent`] splits it: the two heads\nphrase this differently — the CLI writes `scipy 1.11.4 requires …` itself, the GUI\ninterpolates `plan.blocker` — and neither can un-join a string Rust joined for it.",
          "type": [
            "string",
            "null"
          ]
        }
      },
      "required": [
        "constraint"
      ],
      "type": "object"
    },
    "Change": {
      "description": "One line of the preview diff.",
      "properties": {
        "from": {
          "anyOf": [
            {
              "$ref": "#/$defs/Version"
            },
            {
              "type": "null"
            }
          ],
          "description": "Version before, absent for a fresh install."
        },
        "kind": {
          "$ref": "#/$defs/ChangeKind",
          "description": "Which preview section this belongs in."
        },
        "name": {
          "$ref": "#/$defs/PkgName",
          "description": "Normalized distribution name."
        },
        "to": {
          "$ref": "#/$defs/Version",
          "description": "Version the resolver chose."
        }
      },
      "required": [
        "name",
        "to",
        "kind"
      ],
      "type": "object"
    },
    "ChangeKind": {
      "description": "Which section of the preview a change belongs to (UI-SPEC §4).",
      "oneOf": [
        {
          "const": "upgrade",
          "description": "An installed package moving to a newer version.",
          "type": "string"
        },
        {
          "const": "new-dependency",
          "description": "A package pulled in to satisfy something else.",
          "type": "string"
        },
        {
          "const": "new-install",
          "description": "A package the user explicitly asked to install.",
          "type": "string"
        },
        {
          "const": "downgrade",
          "description": "A package moving to an older version to satisfy a constraint.",
          "type": "string"
        }
      ]
    },
    "HeldBack": {
      "description": "A package the resolver could not take all the way to `latest`.",
      "properties": {
        "blockers": {
          "default": [],
          "description": "Why it could not go further. Empty means the engine gave no attributable reason.",
          "items": {
            "$ref": "#/$defs/Blocker"
          },
          "type": "array"
        },
        "latest": {
          "$ref": "#/$defs/Version",
          "description": "The version the index offers."
        },
        "pkg": {
          "$ref": "#/$defs/PkgName",
          "description": "Normalized distribution name."
        },
        "resolved": {
          "$ref": "#/$defs/Version",
          "description": "The version the resolver settled on."
        }
      },
      "required": [
        "pkg",
        "resolved",
        "latest"
      ],
      "type": "object"
    },
    "ImpossibleDetail": {
      "description": "A `ResolutionImpossible` outcome and whatever detail the engine gave (`PD-RES-001`).",
      "properties": {
        "explanation": {
          "description": "The engine's own explanation, verbatim.",
          "type": "string"
        },
        "packages": {
          "default": [],
          "description": "Packages involved in the unsatisfiable set.",
          "items": {
            "$ref": "#/$defs/PkgName"
          },
          "type": "array"
        }
      },
      "required": [
        "explanation"
      ],
      "type": "object"
    },
    "NothingReason": {
      "description": "Why a flow ended before there was anything to confirm.",
      "oneOf": [
        {
          "const": "nothing-to-do",
          "description": "The request was empty once pins and `--except` were applied.",
          "type": "string"
        },
        {
          "const": "everything-skipped",
          "description": "Every candidate was skipped while resolving conflicts, so no plan remains.",
          "type": "string"
        }
      ]
    },
    "PkgName": {
      "description": "A PEP 503-normalized distribution name.\n\nConstructing one is the *only* way a package name reaches an argv array, which is what makes\nSECURITY §2's \"validated before it reaches argv\" claim structural rather than aspirational.",
      "type": "string"
    },
    "ResolutionReport": {
      "description": "The normalized dry-run result.\n\n**Both adapters must emit this same shape** — that is the whole point of the `Engine` trait\n(ARCHITECTURE §3). The pip adapter fills it from `--dry-run --report` JSON; the uv adapter from\nuv's text plan output.\n\nThe exact field set is **provisional until spike SP-1** confirms uv's output is rich enough to\npopulate `held_back.blockers`. If it is not, SP-1's go/no-go says v1.0 ships pip-primary with uv\nbehind a beta flag.",
      "properties": {
        "changes": {
          "default": [],
          "description": "Everything that would change if the user confirms.",
          "items": {
            "$ref": "#/$defs/Change"
          },
          "type": "array"
        },
        "heldBack": {
          "default": [],
          "description": "Packages that could not reach `latest`, with attribution.",
          "items": {
            "$ref": "#/$defs/HeldBack"
          },
          "type": "array"
        },
        "impossible": {
          "anyOf": [
            {
              "$ref": "#/$defs/ImpossibleDetail"
            },
            {
              "type": "null"
            }
          ],
          "description": "Present when the whole resolution failed."
        },
        "raw": {
          "description": "The engine's untouched output, kept for the log and for bug reports.",
          "type": "string"
        }
      },
      "required": [
        "raw"
      ],
      "type": "object"
    },
    "Version": {
      "description": "A version string as the engine reported it. Never reshaped or localized (I18N §2).",
      "type": "string"
    }
  },
  "$schema": "https://json-schema.org/draft/2020-12/schema",
  "description": "What the flow needs next.\n\nCrosses IPC, so the GUI's two decision points are a round trip apart (see the module docs).\nTagged on `step` rather than externally, because the frontend switches on it and a bare\n`{ needsDecisions: { … } }` would make every consumer unwrap before it can look.",
  "oneOf": [
    {
      "description": "Conflicts need a per-package choice. Feed the answers to [`UpdateFlow::decide`].",
      "properties": {
        "report": {
          "$ref": "#/$defs/ResolutionReport",
          "description": "The preview as it stands."
        },
        "round": {
          "description": "How many decision rounds have been applied.",
          "format": "uint8",
          "maximum": 255,
          "minimum": 0,
          "type": "integer"
        },
        "roundsRemaining": {
          "description": "Rounds still available before the cap (DATA-FLOW §3).\n\nSurfaced because `MAX_CONFLICT_ROUNDS` was invisible: the cap existed in core and\nnothing told the user it was approaching, so they would hit the wall unwarned.",
          "format": "uint8",
          "maximum": 255,
          "minimum": 0,
          "type": "integer"
        },
        "step": {
          "const": "needsDecisions",
          "type": "string"
        }
      },
      "required": [
        "step",
        "report",
        "round",
        "roundsRemaining"
      ],
      "type": "object"
    },
    {
      "description": "The preview is ready to confirm.",
      "properties": {
        "report": {
          "$ref": "#/$defs/ResolutionReport",
          "description": "The preview as it stands."
        },
        "step": {
          "const": "needsConfirm",
          "type": "string"
        }
      },
      "required": [
        "step",
        "report"
      ],
      "type": "object"
    },
    {
      "description": "The conflict-round cap is reached; the remaining conflicts cannot be re-decided.\n\nDistinct from [`Self::NeedsConfirm`] so the GUI can say so, but the plan is still\nconfirmable — which is what the CLI has always done at this point.",
      "properties": {
        "report": {
          "$ref": "#/$defs/ResolutionReport",
          "description": "The preview as it stands."
        },
        "step": {
          "const": "roundsExhausted",
          "type": "string"
        }
      },
      "required": [
        "step",
        "report"
      ],
      "type": "object"
    },
    {
      "description": "There is nothing to do.",
      "properties": {
        "reason": {
          "$ref": "#/$defs/NothingReason",
          "description": "Which of the two empty cases this is."
        },
        "step": {
          "const": "nothing",
          "type": "string"
        }
      },
      "required": [
        "step",
        "reason"
      ],
      "type": "object"
    }
  ],
  "title": "FlowStep"
}
