---
source: crates/pipdock-cli/tests/golden.rs
expression: out
---
{
  "$defs": {
    "PkgName": {
      "description": "A PEP 503-normalized distribution name.\n\nConstructing one is the *only* way a package name reaches an argv array, which is what makes\nSECURITY §2's \"validated before it reaches argv\" claim structural rather than aspirational.",
      "type": "string"
    },
    "Version": {
      "description": "A version string as the engine reported it. Never reshaped or localized (I18N §2).",
      "type": "string"
    }
  },
  "$schema": "https://json-schema.org/draft/2020-12/schema",
  "description": "An installed distribution with a newer release available.",
  "properties": {
    "current": {
      "$ref": "#/$defs/Version",
      "description": "Currently installed version."
    },
    "latest": {
      "$ref": "#/$defs/Version",
      "description": "Newest version the index offers."
    },
    "name": {
      "$ref": "#/$defs/PkgName",
      "description": "Normalized distribution name."
    }
  },
  "required": [
    "name",
    "current",
    "latest"
  ],
  "title": "OutdatedDist",
  "type": "object"
}
